--------------------------------------------------------------------------------
Release 13.2 Trace  (lin64)
Copyright (c) 1995-2011 Xilinx, Inc.  All rights reserved.

/share/reconfig/xilinx/13.2/ISE_DS/ISE/bin/lin64/unwrapped/trce -intstyle ise
-v 3 -s 2 -n 3 -fastpaths -xml MUX4.twx MUX4.ncd -o MUX4.twr MUX4.pcf

Design file:              MUX4.ncd
Physical constraint file: MUX4.pcf
Device,package,speed:     xc5vlx330,ff1760,-2 (PRODUCTION 1.73 2011-06-20, STEPPING level 0)
Report level:             verbose report

Environment Variable      Effect 
--------------------      ------ 
NONE                      No environment variables were set
--------------------------------------------------------------------------------

INFO:Timing:2698 - No timing constraints found, doing default enumeration.
INFO:Timing:2752 - To get complete path coverage, use the unconstrained paths 
   option. All paths that are not constrained will be reported in the 
   unconstrained paths section(s) of the report.
INFO:Timing:3339 - The clock-to-out numbers in this timing report are based on 
   a 50 Ohm transmission line loading model.  For the details of this model, 
   and for more information on accounting for different loading conditions, 
   please see the device datasheet.



Data Sheet report:
-----------------
All values displayed in nanoseconds (ns)

Pad to Pad
---------------+---------------+---------+
Source Pad     |Destination Pad|  Delay  |
---------------+---------------+---------+
I1<0>          |Z<0>           |    7.393|
I1<1>          |Z<1>           |    6.862|
I1<2>          |Z<2>           |    7.087|
I1<3>          |Z<3>           |    6.941|
I1<4>          |Z<4>           |    7.108|
I1<5>          |Z<5>           |    6.297|
I1<6>          |Z<6>           |    6.503|
I1<7>          |Z<7>           |    7.129|
I1<8>          |Z<8>           |    6.939|
I1<9>          |Z<9>           |    6.363|
I1<10>         |Z<10>          |    6.494|
I1<11>         |Z<11>          |    6.757|
I1<12>         |Z<12>          |    6.480|
I1<13>         |Z<13>          |    7.401|
I1<14>         |Z<14>          |    6.555|
I1<15>         |Z<15>          |    7.152|
I1<16>         |Z<16>          |    6.557|
I1<17>         |Z<17>          |    6.707|
I1<18>         |Z<18>          |    6.717|
I1<19>         |Z<19>          |    6.510|
I1<20>         |Z<20>          |    6.546|
I1<21>         |Z<21>          |    7.229|
I1<22>         |Z<22>          |    6.912|
I1<23>         |Z<23>          |    6.781|
I1<24>         |Z<24>          |    6.881|
I1<25>         |Z<25>          |    6.450|
I1<26>         |Z<26>          |    6.526|
I1<27>         |Z<27>          |    6.760|
I1<28>         |Z<28>          |    7.094|
I1<29>         |Z<29>          |    6.740|
I1<30>         |Z<30>          |    6.819|
I1<31>         |Z<31>          |    6.594|
I2<0>          |Z<0>           |    6.899|
I2<1>          |Z<1>           |    6.020|
I2<2>          |Z<2>           |    6.575|
I2<3>          |Z<3>           |    6.137|
I2<4>          |Z<4>           |    6.557|
I2<5>          |Z<5>           |    6.041|
I2<6>          |Z<6>           |    6.644|
I2<7>          |Z<7>           |    6.952|
I2<8>          |Z<8>           |    6.507|
I2<9>          |Z<9>           |    7.499|
I2<10>         |Z<10>          |    6.670|
I2<11>         |Z<11>          |    6.911|
I2<12>         |Z<12>          |    6.572|
I2<13>         |Z<13>          |    7.016|
I2<14>         |Z<14>          |    6.445|
I2<15>         |Z<15>          |    6.512|
I2<16>         |Z<16>          |    6.798|
I2<17>         |Z<17>          |    6.919|
I2<18>         |Z<18>          |    6.494|
I2<19>         |Z<19>          |    6.600|
I2<20>         |Z<20>          |    6.049|
I2<21>         |Z<21>          |    6.922|
I2<22>         |Z<22>          |    6.473|
I2<23>         |Z<23>          |    6.723|
I2<24>         |Z<24>          |    6.398|
I2<25>         |Z<25>          |    6.589|
I2<26>         |Z<26>          |    6.667|
I2<27>         |Z<27>          |    6.590|
I2<28>         |Z<28>          |    6.119|
I2<29>         |Z<29>          |    6.566|
I2<30>         |Z<30>          |    6.272|
I2<31>         |Z<31>          |    6.760|
I3<0>          |Z<0>           |    6.801|
I3<1>          |Z<1>           |    6.633|
I3<2>          |Z<2>           |    6.250|
I3<3>          |Z<3>           |    6.313|
I3<4>          |Z<4>           |    6.404|
I3<5>          |Z<5>           |    6.645|
I3<6>          |Z<6>           |    6.137|
I3<7>          |Z<7>           |    6.045|
I3<8>          |Z<8>           |    6.905|
I3<9>          |Z<9>           |    6.048|
I3<10>         |Z<10>          |    6.847|
I3<11>         |Z<11>          |    6.965|
I3<12>         |Z<12>          |    6.632|
I3<13>         |Z<13>          |    6.736|
I3<14>         |Z<14>          |    6.609|
I3<15>         |Z<15>          |    6.549|
I3<16>         |Z<16>          |    6.553|
I3<17>         |Z<17>          |    7.176|
I3<18>         |Z<18>          |    6.825|
I3<19>         |Z<19>          |    6.591|
I3<20>         |Z<20>          |    7.001|
I3<21>         |Z<21>          |    6.753|
I3<22>         |Z<22>          |    7.008|
I3<23>         |Z<23>          |    7.197|
I3<24>         |Z<24>          |    7.055|
I3<25>         |Z<25>          |    6.420|
I3<26>         |Z<26>          |    6.752|
I3<27>         |Z<27>          |    7.191|
I3<28>         |Z<28>          |    6.819|
I3<29>         |Z<29>          |    6.570|
I3<30>         |Z<30>          |    7.188|
I3<31>         |Z<31>          |    6.613|
I4<0>          |Z<0>           |    7.173|
I4<1>          |Z<1>           |    7.671|
I4<2>          |Z<2>           |    7.296|
I4<3>          |Z<3>           |    7.523|
I4<4>          |Z<4>           |    7.195|
I4<5>          |Z<5>           |    5.889|
I4<6>          |Z<6>           |    7.141|
I4<7>          |Z<7>           |    6.764|
I4<8>          |Z<8>           |    7.412|
I4<9>          |Z<9>           |    6.313|
I4<10>         |Z<10>          |    7.325|
I4<11>         |Z<11>          |    7.829|
I4<12>         |Z<12>          |    7.433|
I4<13>         |Z<13>          |    7.760|
I4<14>         |Z<14>          |    7.375|
I4<15>         |Z<15>          |    7.670|
I4<16>         |Z<16>          |    7.282|
I4<17>         |Z<17>          |    7.700|
I4<18>         |Z<18>          |    7.146|
I4<19>         |Z<19>          |    7.600|
I4<20>         |Z<20>          |    7.278|
I4<21>         |Z<21>          |    7.902|
I4<22>         |Z<22>          |    7.206|
I4<23>         |Z<23>          |    7.270|
I4<24>         |Z<24>          |    7.704|
I4<25>         |Z<25>          |    7.720|
I4<26>         |Z<26>          |    7.585|
I4<27>         |Z<27>          |    7.455|
I4<28>         |Z<28>          |    7.742|
I4<29>         |Z<29>          |    7.538|
I4<30>         |Z<30>          |    7.648|
I4<31>         |Z<31>          |    7.396|
S<0>           |Z<0>           |    8.407|
S<0>           |Z<1>           |    8.109|
S<0>           |Z<2>           |    7.763|
S<0>           |Z<3>           |    8.303|
S<0>           |Z<4>           |    7.746|
S<0>           |Z<5>           |    8.335|
S<0>           |Z<6>           |    7.830|
S<0>           |Z<7>           |    8.238|
S<0>           |Z<8>           |    7.716|
S<0>           |Z<9>           |    7.809|
S<0>           |Z<10>          |    8.033|
S<0>           |Z<11>          |    8.038|
S<0>           |Z<12>          |    8.647|
S<0>           |Z<13>          |    8.624|
S<0>           |Z<14>          |    8.303|
S<0>           |Z<15>          |    8.397|
S<0>           |Z<16>          |    8.246|
S<0>           |Z<17>          |    8.506|
S<0>           |Z<18>          |    7.893|
S<0>           |Z<19>          |    8.419|
S<0>           |Z<20>          |    8.330|
S<0>           |Z<21>          |    8.553|
S<0>           |Z<22>          |    8.486|
S<0>           |Z<23>          |    8.091|
S<0>           |Z<24>          |    8.572|
S<0>           |Z<25>          |    8.152|
S<0>           |Z<26>          |    8.350|
S<0>           |Z<27>          |    8.366|
S<0>           |Z<28>          |    7.981|
S<0>           |Z<29>          |    8.386|
S<0>           |Z<30>          |    8.200|
S<0>           |Z<31>          |    8.040|
S<1>           |Z<0>           |    8.186|
S<1>           |Z<1>           |    8.427|
S<1>           |Z<2>           |    8.632|
S<1>           |Z<3>           |    8.739|
S<1>           |Z<4>           |    8.451|
S<1>           |Z<5>           |    7.681|
S<1>           |Z<6>           |    7.760|
S<1>           |Z<7>           |    8.474|
S<1>           |Z<8>           |    8.217|
S<1>           |Z<9>           |    8.587|
S<1>           |Z<10>          |    8.773|
S<1>           |Z<11>          |    8.227|
S<1>           |Z<12>          |    8.059|
S<1>           |Z<13>          |    8.027|
S<1>           |Z<14>          |    8.114|
S<1>           |Z<15>          |    8.860|
S<1>           |Z<16>          |    8.893|
S<1>           |Z<17>          |    8.816|
S<1>           |Z<18>          |    8.812|
S<1>           |Z<19>          |    8.552|
S<1>           |Z<20>          |    8.940|
S<1>           |Z<21>          |    9.118|
S<1>           |Z<22>          |    8.135|
S<1>           |Z<23>          |    8.675|
S<1>           |Z<24>          |    8.204|
S<1>           |Z<25>          |    8.299|
S<1>           |Z<26>          |    8.269|
S<1>           |Z<27>          |    8.367|
S<1>           |Z<28>          |    8.714|
S<1>           |Z<29>          |    8.350|
S<1>           |Z<30>          |    8.301|
S<1>           |Z<31>          |    8.513|
---------------+---------------+---------+


Analysis completed Tue Aug 21 23:20:33 2012 
--------------------------------------------------------------------------------

Trace Settings:
-------------------------
Trace Settings 

Peak Memory Usage: 746 MB



